
> pokkisham-steel-doors@0.0.0 build
> tsc -b && vite build

